stm32l4xx_it.c:56:6:NMI_Handler	0	static
stm32l4xx_it.c:69:6:HardFault_Handler	0	static
stm32l4xx_it.c:87:6:MemManage_Handler	0	static
stm32l4xx_it.c:105:6:BusFault_Handler	0	static
stm32l4xx_it.c:123:6:UsageFault_Handler	0	static
stm32l4xx_it.c:141:6:DebugMon_Handler	0	static
stm32l4xx_it.c:154:6:SysTick_Handler	8	static
stm32l4xx_it.c:176:6:DMA1_Channel2_IRQHandler	0	static
stm32l4xx_it.c:190:6:DMA1_Channel4_IRQHandler	0	static
stm32l4xx_it.c:204:6:DMA1_Channel5_IRQHandler	0	static
stm32l4xx_it.c:218:6:USART1_IRQHandler	0	static
